<html>
<body>
<pre>
<h1>µVision Build Log</h1>
<h2>Tool Versions:</h2>
IDE-Version: ¦ÌVision V5.37.0.0
Copyright (C) 2022 ARM Ltd and ARM Germany GmbH. All rights reserved.
License Information: ARM ARM, ARM, LIC=21E4T-R3RXV-ARLXW-QN405-N40UW-DYS2G
 
Tool Versions:
Toolchain:       MDK-ARM Plus  Version: 5.37.0.0
Toolchain Path:  D:\Keil_v5\ARM\ARMCLANG\bin\
C Compiler:      ArmClang.exe V6.18
Assembler:       Armasm.exe V6.18
Linker/Locator:  ArmLink.exe V6.18
Library Manager: ArmAr.exe V6.18
Hex Converter:   FromElf.exe V6.18
CPU DLL:         SARMCM3.DLL V5.37.0.0
Dialog DLL:      DCM.DLL V1.17.5.0
Target DLL:      CMSIS_AGDI.dll V1.33.12.0
Dialog DLL:      TCM.DLL V1.56.1.0
 
<h2>Project:</h2>
D:\STM32-Learning\STM32Code\01-BlinkLED\BlinkLED.uvprojx
Project File Date:  08/24/2026

<h2>Output:</h2>
*** Using Compiler 'V5.06 update 7 (build 960)', folder: 'D:\Keil_v5\ARM\ARMCLANG\bin\'
Build target 'default'
compiling main.c...
*** Error: CreateProcess failed, Command: '"D:\Keil_v5\ARM\ARMCLANG\bin\\ArmCC" --via ".\objects\main.__i"'
compiling system_stm32f10x.c...
*** Error: CreateProcess failed, Command: '"D:\Keil_v5\ARM\ARMCLANG\bin\\ArmCC" --via ".\objects\system_stm32f10x.__i"'
compiling stm32f10x_it.c...
*** Error: CreateProcess failed, Command: '"D:\Keil_v5\ARM\ARMCLANG\bin\\ArmCC" --via ".\objects\stm32f10x_it.__i"'
compiling stm32f10x_pwr.c...
*** Error: CreateProcess failed, Command: '"D:\Keil_v5\ARM\ARMCLANG\bin\\ArmCC" --via ".\objects\stm32f10x_pwr.__i"'
compiling stm32f10x_sdio.c...
*** Error: CreateProcess failed, Command: '"D:\Keil_v5\ARM\ARMCLANG\bin\\ArmCC" --via ".\objects\stm32f10x_sdio.__i"'
compiling stm32f10x_bkp.c...
*** Error: CreateProcess failed, Command: '"D:\Keil_v5\ARM\ARMCLANG\bin\\ArmCC" --via ".\objects\stm32f10x_bkp.__i"'
compiling i2c.c...
*** Error: CreateProcess failed, Command: '"D:\Keil_v5\ARM\ARMCLANG\bin\\ArmCC" --via ".\objects\i2c.__i"'
compiling stm32f10x_cec.c...
*** Error: CreateProcess failed, Command: '"D:\Keil_v5\ARM\ARMCLANG\bin\\ArmCC" --via ".\objects\stm32f10x_cec.__i"'
compiling stm32f10x_crc.c...
*** Error: CreateProcess failed, Command: '"D:\Keil_v5\ARM\ARMCLANG\bin\\ArmCC" --via ".\objects\stm32f10x_crc.__i"'
compiling stm32f10x_dbgmcu.c...
*** Error: CreateProcess failed, Command: '"D:\Keil_v5\ARM\ARMCLANG\bin\\ArmCC" --via ".\objects\stm32f10x_dbgmcu.__i"'
compiling stm32f10x_dac.c...
*** Error: CreateProcess failed, Command: '"D:\Keil_v5\ARM\ARMCLANG\bin\\ArmCC" --via ".\objects\stm32f10x_dac.__i"'
compiling stm32f10x_dma.c...
*** Error: CreateProcess failed, Command: '"D:\Keil_v5\ARM\ARMCLANG\bin\\ArmCC" --via ".\objects\stm32f10x_dma.__i"'
compiling stm32f10x_exti.c...
*** Error: CreateProcess failed, Command: '"D:\Keil_v5\ARM\ARMCLANG\bin\\ArmCC" --via ".\objects\stm32f10x_exti.__i"'
compiling stm32f10x_flash.c...
*** Error: CreateProcess failed, Command: '"D:\Keil_v5\ARM\ARMCLANG\bin\\ArmCC" --via ".\objects\stm32f10x_flash.__i"'
compiling stm32f10x_fsmc.c...
*** Error: CreateProcess failed, Command: '"D:\Keil_v5\ARM\ARMCLANG\bin\\ArmCC" --via ".\objects\stm32f10x_fsmc.__i"'
compiling stm32f10x_i2c.c...
*** Error: CreateProcess failed, Command: '"D:\Keil_v5\ARM\ARMCLANG\bin\\ArmCC" --via ".\objects\stm32f10x_i2c.__i"'
compiling stm32f10x_gpio.c...
*** Error: CreateProcess failed, Command: '"D:\Keil_v5\ARM\ARMCLANG\bin\\ArmCC" --via ".\objects\stm32f10x_gpio.__i"'
compiling misc.c...
*** Error: CreateProcess failed, Command: '"D:\Keil_v5\ARM\ARMCLANG\bin\\ArmCC" --via ".\objects\misc.__i"'
compiling stm32f10x_iwdg.c...
*** Error: CreateProcess failed, Command: '"D:\Keil_v5\ARM\ARMCLANG\bin\\ArmCC" --via ".\objects\stm32f10x_iwdg.__i"'
compiling stm32f10x_rcc.c...
*** Error: CreateProcess failed, Command: '"D:\Keil_v5\ARM\ARMCLANG\bin\\ArmCC" --via ".\objects\stm32f10x_rcc.__i"'
compiling stm32f10x_rtc.c...
*** Error: CreateProcess failed, Command: '"D:\Keil_v5\ARM\ARMCLANG\bin\\ArmCC" --via ".\objects\stm32f10x_rtc.__i"'
compiling stm32f10x_adc.c...
*** Error: CreateProcess failed, Command: '"D:\Keil_v5\ARM\ARMCLANG\bin\\ArmCC" --via ".\objects\stm32f10x_adc.__i"'
compiling stm32f10x_spi.c...
*** Error: CreateProcess failed, Command: '"D:\Keil_v5\ARM\ARMCLANG\bin\\ArmCC" --via ".\objects\stm32f10x_spi.__i"'
compiling stm32f10x_tim.c...
*** Error: CreateProcess failed, Command: '"D:\Keil_v5\ARM\ARMCLANG\bin\\ArmCC" --via ".\objects\stm32f10x_tim.__i"'
compiling stm32f10x_usart.c...
*** Error: CreateProcess failed, Command: '"D:\Keil_v5\ARM\ARMCLANG\bin\\ArmCC" --via ".\objects\stm32f10x_usart.__i"'
compiling si2c.c...
*** Error: CreateProcess failed, Command: '"D:\Keil_v5\ARM\ARMCLANG\bin\\ArmCC" --via ".\objects\si2c.__i"'
compiling delay.c...
*** Error: CreateProcess failed, Command: '"D:\Keil_v5\ARM\ARMCLANG\bin\\ArmCC" --via ".\objects\delay.__i"'
compiling usart.c...
*** Error: CreateProcess failed, Command: '"D:\Keil_v5\ARM\ARMCLANG\bin\\ArmCC" --via ".\objects\usart.__i"'
compiling stm32f10x_wwdg.c...
*** Error: CreateProcess failed, Command: '"D:\Keil_v5\ARM\ARMCLANG\bin\\ArmCC" --via ".\objects\stm32f10x_wwdg.__i"'
compiling stm32f10x_can.c...
*** Error: CreateProcess failed, Command: '"D:\Keil_v5\ARM\ARMCLANG\bin\\ArmCC" --via ".\objects\stm32f10x_can.__i"'
compiling oled.c...
*** Error: CreateProcess failed, Command: '"D:\Keil_v5\ARM\ARMCLANG\bin\\ArmCC" --via ".\objects\oled.__i"'
assembling startup_stm32f10x_md.s...
linking...
Program Size: Code=2068 RO-data=268 RW-data=32 ZI-data=4096  
FromELF: creating hex file...
".\Objects\template.axf" - 0 Error(s), 0 Warning(s).

<h2>Software Packages used:</h2>

Package Vendor: Keil
                https://www.keil.com/pack/Keil.STM32F1xx_DFP.2.4.1.pack
                Keil.STM32F1xx_DFP.2.4.1
                STMicroelectronics STM32F1 Series Device Support, Drivers and Examples

<h2>Collection of Component include folders:</h2>
  D:/Users/Aerfa/AppData/Local/Arm/Packs/Keil/STM32F1xx_DFP/2.4.1/Device/Include

<h2>Collection of Component Files used:</h2>
Target not created.
Build Time Elapsed:  00:00:01
</pre>
</body>
</html>
