<html>
<body>
<pre>
<h1>µVision Build Log</h1>
<h2>Tool Versions:</h2>
IDE-Version: ¦ÌVision V5.24.2.0
Copyright (C) 2017 ARM Ltd and ARM Germany GmbH. All rights reserved.
License Information: aaa Aerfa, aaa, LIC=PE7DL-0L446-LQ80Q-NYP78-Q06QZ-FQNWK
 
Tool Versions:
Toolchain:       MDK-ARM Plus  Version: 5.24.1
Toolchain Path:  D:\Keil_v5\ARM\ARMCC\Bin
C Compiler:      Armcc.exe V5.06 update 5 (build 528)
Assembler:       Armasm.exe V5.06 update 5 (build 528)
Linker/Locator:  ArmLink.exe V5.06 update 5 (build 528)
Library Manager: ArmAr.exe V5.06 update 5 (build 528)
Hex Converter:   FromElf.exe V5.06 update 5 (build 528)
CPU DLL:         SARMCM3.DLL V5.24.1
Dialog DLL:      DCM.DLL V1.16.0.0
Target DLL:      STLink\ST-LINKIII-KEIL_SWO.dll V3.0.1.0
Dialog DLL:      TCM.DLL V1.32.0.0
 
<h2>Project:</h2>
D:\STM32Project\1\project.uvprojx
Project File Date:  03/31/2026

<h2>Output:</h2>
*** Using Compiler 'V5.06 update 5 (build 528)', folder: 'D:\Keil_v5\ARM\ARMCC\Bin'
Build target 'Target 1'
compiling misc.c...
.\User\stm32f10x_conf.h(79): warning:  #1-D: last line of file ends without a newline
  	
Library\misc.c: 1 warning, 0 errors
compiling stm32f10x_adc.c...
.\User\stm32f10x_conf.h(79): warning:  #1-D: last line of file ends without a newline
  	
Library\stm32f10x_adc.c: 1 warning, 0 errors
compiling stm32f10x_cec.c...
.\User\stm32f10x_conf.h(79): warning:  #1-D: last line of file ends without a newline
  	
Library\stm32f10x_cec.c: 1 warning, 0 errors
compiling stm32f10x_dma.c...
.\User\stm32f10x_conf.h(79): warning:  #1-D: last line of file ends without a newline
  	
Library\stm32f10x_dma.c: 1 warning, 0 errors
compiling stm32f10x_usart.c...
.\User\stm32f10x_conf.h(79): warning:  #1-D: last line of file ends without a newline
  	
Library\stm32f10x_usart.c: 1 warning, 0 errors
compiling stm32f10x_dac.c...
.\User\stm32f10x_conf.h(79): warning:  #1-D: last line of file ends without a newline
  	
Library\stm32f10x_dac.c: 1 warning, 0 errors
compiling stm32f10x_bkp.c...
.\User\stm32f10x_conf.h(79): warning:  #1-D: last line of file ends without a newline
  	
Library\stm32f10x_bkp.c: 1 warning, 0 errors
compiling stm32f10x_sdio.c...
.\User\stm32f10x_conf.h(79): warning:  #1-D: last line of file ends without a newline
  	
Library\stm32f10x_sdio.c: 1 warning, 0 errors
compiling main.c...
.\User\stm32f10x_conf.h(79): warning:  #1-D: last line of file ends without a newline
  	
User\main.c: 1 warning, 0 errors
compiling stm32f10x_iwdg.c...
.\User\stm32f10x_conf.h(79): warning:  #1-D: last line of file ends without a newline
  	
Library\stm32f10x_iwdg.c: 1 warning, 0 errors
compiling stm32f10x_gpio.c...
.\User\stm32f10x_conf.h(79): warning:  #1-D: last line of file ends without a newline
  	
Library\stm32f10x_gpio.c: 1 warning, 0 errors
compiling stm32f10x_rcc.c...
.\User\stm32f10x_conf.h(79): warning:  #1-D: last line of file ends without a newline
  	
Library\stm32f10x_rcc.c: 1 warning, 0 errors
compiling stm32f10x_flash.c...
.\User\stm32f10x_conf.h(79): warning:  #1-D: last line of file ends without a newline
  	
Library\stm32f10x_flash.c: 1 warning, 0 errors
compiling stm32f10x_exti.c...
.\User\stm32f10x_conf.h(79): warning:  #1-D: last line of file ends without a newline
  	
Library\stm32f10x_exti.c: 1 warning, 0 errors
compiling stm32f10x_can.c...
.\User\stm32f10x_conf.h(79): warning:  #1-D: last line of file ends without a newline
  	
Library\stm32f10x_can.c: 1 warning, 0 errors
compiling stm32f10x_fsmc.c...
.\User\stm32f10x_conf.h(79): warning:  #1-D: last line of file ends without a newline
  	
Library\stm32f10x_fsmc.c: 1 warning, 0 errors
compiling stm32f10x_pwr.c...
.\User\stm32f10x_conf.h(79): warning:  #1-D: last line of file ends without a newline
  	
Library\stm32f10x_pwr.c: 1 warning, 0 errors
compiling stm32f10x_crc.c...
.\User\stm32f10x_conf.h(79): warning:  #1-D: last line of file ends without a newline
  	
Library\stm32f10x_crc.c: 1 warning, 0 errors
compiling stm32f10x_dbgmcu.c...
.\User\stm32f10x_conf.h(79): warning:  #1-D: last line of file ends without a newline
  	
Library\stm32f10x_dbgmcu.c: 1 warning, 0 errors
compiling stm32f10x_wwdg.c...
.\User\stm32f10x_conf.h(79): warning:  #1-D: last line of file ends without a newline
  	
Library\stm32f10x_wwdg.c: 1 warning, 0 errors
compiling stm32f10x_rtc.c...
.\User\stm32f10x_conf.h(79): warning:  #1-D: last line of file ends without a newline
  	
Library\stm32f10x_rtc.c: 1 warning, 0 errors
compiling stm32f10x_spi.c...
.\User\stm32f10x_conf.h(79): warning:  #1-D: last line of file ends without a newline
  	
Library\stm32f10x_spi.c: 1 warning, 0 errors
compiling stm32f10x_i2c.c...
.\User\stm32f10x_conf.h(79): warning:  #1-D: last line of file ends without a newline
  	
Library\stm32f10x_i2c.c: 1 warning, 0 errors
compiling stm32f10x_tim.c...
.\User\stm32f10x_conf.h(79): warning:  #1-D: last line of file ends without a newline
  	
Library\stm32f10x_tim.c: 1 warning, 0 errors
linking...
Program Size: Code=676 RO-data=252 RW-data=0 ZI-data=1632  
".\Objects\project.axf" - 0 Error(s), 24 Warning(s).

<h2>Software Packages used:</h2>

Package Vendor: Keil
                http://www.keil.com/pack/Keil.STM32F1xx_DFP.2.2.0.pack
                Keil.STM32F1xx_DFP.2.2.0
                STMicroelectronics STM32F1 Series Device Support, Drivers and Examples

<h2>Collection of Component include folders:</h2>
  .\RTE\_Target_1
  D:\Keil_v5\ARM\PACK\Keil\STM32F1xx_DFP\2.2.0\Device\Include

<h2>Collection of Component Files used:</h2>
Build Time Elapsed:  00:00:01
</pre>
</body>
</html>
